0db9d6aa;mylib;;
47a9beb6;MulleObjCLoader;0db9d6aa;mylib
0db9d6aa;mylib;;;180f24b1;-uncoverMe
47a9beb6;MulleObjCLoader;0db9d6aa;mylib;53d9d606;+dependencies
